# test parser and BFS on one node graph

# build graph
loaded graph oneNodeGraph

# check graph is built correctly
oneNodeGraph contains: A
the children of A in oneNodeGraph are:

#check BFS
path from A to A: