#Testing building the graph

# build the graph
loaded graph marvel