# test BSF on marvel graph

# build graph
loaded graph marvel

# check BFS
path from M'SHULLA to GORILLA-MAN:
M'SHULLA to HAWK via AA2 19
HAWK to GORILLA-MAN via AVF 4