#Test to create a node in the graph

#Create a graph
created graph dgraph

#Add a node
added node a to dgraph

#Print nodes in the graph
dgraph contains: a

#Print outgoing edges from a
the children of a in dgraph are: