#Test that creates an empty graph

#Create a graph
create graph dgraph

#Print the nodes in the graph
dgraph contains: