#Test to create a node and an edge to itself in graph

#Create a graph
created graph dgraph

#Add a node
added node a to dgraph

#Add an edge
added edge AA from a to a in dgraph

#Print nodes in the graph
dgraph contains: a

#Print outgoing edges from a
the children of a in dgraph are: a(AA)