#Test that creates an empty graph

#Create a graph
created graph graphName

#Print the nodes in the graph
graphName contains: